
> frontend@0.1.0 build
> next build

node.exe :  ÔÜá 
Warning: Next.js 
inferred your 
workspace root, but 
it may not be correct.
En C:\Program 
Files\nodejs\npm.ps1: 
29 Carácter: 3
+   & $NODE_EXE 
$NPM_CLI_JS $args
+   ~~~~~~~~~~~~~~~~~~
~~~~~~~~~~~
    + CategoryInfo    
          : NotSpeci  
  fied: ( ÔÜá Warni   
 ng: N...not be co    
rrect.:String) []    
, RemoteException
    + FullyQualifiedE 
   rrorId : NativeCo  
  mmandError
 
 We detected multiple 
lockfiles and 
selected the 
directory of C:\Users\
EM\package-lock.json 
as the root directory.
 To silence this 
warning, set 
`turbopack.root` in 
your Next.js config, 
or consider removing 
one of the lockfiles 
if it's not needed.
   See https://nextjs.
org/docs/app/api-refer
ence/config/next-confi
g-js/turbopack#root-di
rectory for more 
information.
 Detected additional 
lockfiles: 
   * C:\Users\EM\.gemi
ni\antigravity\scratch
\FundLab\frontend\pack
age-lock.json

   Ôû▓ Next.js 16.0.7 (Turbopack)
   - Environments: .env.local

   Creating an optimized production build ...
 Ô£ô Compiled successfully in 54s
   Running TypeScript ...
Failed to compile.

./app/page.tsx:4:10
Type error: Module '"@
/components/wow/Navbar
"' has no exported 
member 'Navbar'. Did 
you mean to use 
'import Navbar from "@
/components/wow/Navbar
"' instead?

[0m [90m 2 |[39m 
[36mimport[39m { [3
3mArrowRight[39m[33m
,[39m [33mSearch[39
m[33m,[39m [33mZap
[39m[33m,[39m [33mG
lobe[39m[33m,[39m 
[33mShieldCheck[39m[
33m,[39m [33mBarChar
t3[39m[33m,[39m [3
3mUsers[39m[33m,[39
m [33mBuilding2[39m
[33m,[39m [33mBrainC
ircuit[39m } 
[36mfrom[39m [32m'l
ucide-react'[39m[33m
;[39m
 [90m 3 |[39m 
[36mimport[39m { 
[33mButton[39m } 
[36mfrom[39m [32m'@
/components/ui/button'
[39m[33m;[39m
[31m[1m>[22m[39m[
90m 4 |[39m 
[36mimport[39m { 
[33mNavbar[39m } 
[36mfrom[39m [32m'@
/components/wow/Navbar
'[39m[33m;[39m
 [90m   |[39m       
   
[31m[1m^[22m[39m
 [90m 5 |[39m
 [90m 6 |[39m 
[36mexport[39m 
[36mdefault[39m 
[36mfunction[39m 
[33mHome[39m() {
 [90m 7 |[39m   
[36mreturn[39m ([0m
Next.js build worker 
exited with code: 1 
and signal: null
